<?xml version="1.0" encoding="utf-8"?>
<TestRun id="e478ddb5-9463-4070-b40a-ecf02e677c9c" name="@MacBook-Pro 2022-12-03 18:51:16" xmlns="http://microsoft.com/schemas/VisualStudio/TeamTest/2010">
  <Times creation="2022-12-03T18:51:16.7851030-05:00" queuing="2022-12-03T18:51:16.7851030-05:00" start="2022-12-03T18:51:15.6148200-05:00" finish="2022-12-03T18:51:16.7957360-05:00" />
  <TestSettings name="default" id="44bec32d-0e3a-445f-b509-d6c93d394a2d">
    <Deployment runDeploymentRoot="_MacBook-Pro_2022-12-03_18_51_16" />
  </TestSettings>
  <Results>
    <UnitTestResult executionId="4ad6ba25-b4a5-4f57-9fdd-d9c074a56368" testId="cc7dee3a-5ec1-e81f-7f41-1a64db013e0b" testName="Tests.Day3.Sum of the 3 elf group badge priorities(fileName: &quot;Day3/input.txt&quot;, expected: 2518)" computerName="MacBook-Pro" duration="00:00:00.0023793" startTime="2022-12-03T18:51:16.6814470-05:00" endTime="2022-12-03T18:51:16.6814470-05:00" testType="13cdc9d9-ddb5-4fa4-a97d-d965ccfc6d4b" outcome="Passed" testListId="8c84fa94-04c1-424b-9868-57a2d4851a1d" relativeResultsDirectory="4ad6ba25-b4a5-4f57-9fdd-d9c074a56368" />
    <UnitTestResult executionId="410bfb79-e036-444c-a8a6-6bdd252d9e3b" testId="174aa48d-6051-1600-61bb-08fe9e190238" testName="Tests.Day3.Sum of the 3 elf group badge priorities(fileName: &quot;Day3/testInput.txt&quot;, expected: 70)" computerName="MacBook-Pro" duration="00:00:00.0048898" startTime="2022-12-03T18:51:16.6790710-05:00" endTime="2022-12-03T18:51:16.6790710-05:00" testType="13cdc9d9-ddb5-4fa4-a97d-d965ccfc6d4b" outcome="Passed" testListId="8c84fa94-04c1-424b-9868-57a2d4851a1d" relativeResultsDirectory="410bfb79-e036-444c-a8a6-6bdd252d9e3b" />
    <UnitTestResult executionId="4107c88f-69a7-427b-b436-98cc2a8c29cd" testId="c7129fce-3b51-272c-5b58-be26e6d8aae1" testName="Tests.Day2.Total score for proper guide interpretation(fileName: &quot;Day2/testInput.txt&quot;, expected: 12)" computerName="MacBook-Pro" duration="00:00:00.0000612" startTime="2022-12-03T18:51:16.6762960-05:00" endTime="2022-12-03T18:51:16.6762960-05:00" testType="13cdc9d9-ddb5-4fa4-a97d-d965ccfc6d4b" outcome="Passed" testListId="8c84fa94-04c1-424b-9868-57a2d4851a1d" relativeResultsDirectory="4107c88f-69a7-427b-b436-98cc2a8c29cd" />
    <UnitTestResult executionId="89304cb9-0abf-414f-b4d9-d1647760c9b0" testId="d9c84f9e-de9e-73a8-04e6-5ed0d546d973" testName="Tests.Day3.Sum of the shared rucksack priorities(fileName: &quot;Day3/testInput.txt&quot;, expected: 157)" computerName="MacBook-Pro" duration="00:00:00.0001867" startTime="2022-12-03T18:51:16.6762390-05:00" endTime="2022-12-03T18:51:16.6762390-05:00" testType="13cdc9d9-ddb5-4fa4-a97d-d965ccfc6d4b" outcome="Passed" testListId="8c84fa94-04c1-424b-9868-57a2d4851a1d" relativeResultsDirectory="89304cb9-0abf-414f-b4d9-d1647760c9b0" />
    <UnitTestResult executionId="0d1fbe30-3887-49e7-8443-87d8efa88cab" testId="10c805f5-090d-9df0-356a-8432e2674bff" testName="Tests.Day3.Sum of the shared rucksack priorities(fileName: &quot;Day3/input.txt&quot;, expected: 8018)" computerName="MacBook-Pro" duration="00:00:00.0181953" startTime="2022-12-03T18:51:16.6762200-05:00" endTime="2022-12-03T18:51:16.6762200-05:00" testType="13cdc9d9-ddb5-4fa4-a97d-d965ccfc6d4b" outcome="Passed" testListId="8c84fa94-04c1-424b-9868-57a2d4851a1d" relativeResultsDirectory="0d1fbe30-3887-49e7-8443-87d8efa88cab" />
    <UnitTestResult executionId="cacc4fd1-a4eb-4ee6-9296-95a997fc7b09" testId="0665a876-1bf4-7865-83ff-de52f33976d1" testName="Tests.Day2.Total score for proper guide interpretation(fileName: &quot;Day2/input.txt&quot;, expected: 12382)" computerName="MacBook-Pro" duration="00:00:00.0061193" startTime="2022-12-03T18:51:16.6762580-05:00" endTime="2022-12-03T18:51:16.6762580-05:00" testType="13cdc9d9-ddb5-4fa4-a97d-d965ccfc6d4b" outcome="Passed" testListId="8c84fa94-04c1-424b-9868-57a2d4851a1d" relativeResultsDirectory="cacc4fd1-a4eb-4ee6-9296-95a997fc7b09" />
    <UnitTestResult executionId="d919064f-0b58-4e48-8f74-682dd74d79c5" testId="b708b039-075c-2ee7-6741-8f2d923c5fbf" testName="Tests.Day2.Total score for mistaken guide interpretation(fileName: &quot;Day2/testInput.txt&quot;, expected: 15)" computerName="MacBook-Pro" duration="00:00:00.0084375" startTime="2022-12-03T18:51:16.6677870-05:00" endTime="2022-12-03T18:51:16.6678170-05:00" testType="13cdc9d9-ddb5-4fa4-a97d-d965ccfc6d4b" outcome="Passed" testListId="8c84fa94-04c1-424b-9868-57a2d4851a1d" relativeResultsDirectory="d919064f-0b58-4e48-8f74-682dd74d79c5" />
    <UnitTestResult executionId="27e65070-a3c2-4237-9fab-f63b31ace6e9" testId="6ecf8964-3721-892e-06a2-20c35053621f" testName="Tests.Day2.Total score for mistaken guide interpretation(fileName: &quot;Day2/input.txt&quot;, expected: 14264)" computerName="MacBook-Pro" duration="00:00:00.0013182" startTime="2022-12-03T18:51:16.6761490-05:00" endTime="2022-12-03T18:51:16.6761490-05:00" testType="13cdc9d9-ddb5-4fa4-a97d-d965ccfc6d4b" outcome="Passed" testListId="8c84fa94-04c1-424b-9868-57a2d4851a1d" relativeResultsDirectory="27e65070-a3c2-4237-9fab-f63b31ace6e9" />
  </Results>
  <TestDefinitions>
    <UnitTest name="Tests.Day3.Sum of the 3 elf group badge priorities(fileName: &quot;Day3/testInput.txt&quot;, expected: 70)" storage="/users/jstnlef/projects/adventofcode2022/adventofcode2022.tests/bin/debug/net6.0/adventofcode2022.tests.dll" id="174aa48d-6051-1600-61bb-08fe9e190238">
      <Execution id="410bfb79-e036-444c-a8a6-6bdd252d9e3b" />
      <TestMethod codeBase="/Users/jstnlef/Projects/adventOfCode2022/AdventOfCode2022.Tests/bin/Debug/net6.0/AdventOfCode2022.Tests.dll" adapterTypeName="executor://xunit/VsTestRunner2/netcoreapp" className="Tests.Day3" name="Sum of the 3 elf group badge priorities" />
    </UnitTest>
    <UnitTest name="Tests.Day2.Total score for proper guide interpretation(fileName: &quot;Day2/testInput.txt&quot;, expected: 12)" storage="/users/jstnlef/projects/adventofcode2022/adventofcode2022.tests/bin/debug/net6.0/adventofcode2022.tests.dll" id="c7129fce-3b51-272c-5b58-be26e6d8aae1">
      <Execution id="4107c88f-69a7-427b-b436-98cc2a8c29cd" />
      <TestMethod codeBase="/Users/jstnlef/Projects/adventOfCode2022/AdventOfCode2022.Tests/bin/Debug/net6.0/AdventOfCode2022.Tests.dll" adapterTypeName="executor://xunit/VsTestRunner2/netcoreapp" className="Tests.Day2" name="Total score for proper guide interpretation" />
    </UnitTest>
    <UnitTest name="Tests.Day3.Sum of the 3 elf group badge priorities(fileName: &quot;Day3/input.txt&quot;, expected: 2518)" storage="/users/jstnlef/projects/adventofcode2022/adventofcode2022.tests/bin/debug/net6.0/adventofcode2022.tests.dll" id="cc7dee3a-5ec1-e81f-7f41-1a64db013e0b">
      <Execution id="4ad6ba25-b4a5-4f57-9fdd-d9c074a56368" />
      <TestMethod codeBase="/Users/jstnlef/Projects/adventOfCode2022/AdventOfCode2022.Tests/bin/Debug/net6.0/AdventOfCode2022.Tests.dll" adapterTypeName="executor://xunit/VsTestRunner2/netcoreapp" className="Tests.Day3" name="Sum of the 3 elf group badge priorities" />
    </UnitTest>
    <UnitTest name="Tests.Day2.Total score for proper guide interpretation(fileName: &quot;Day2/input.txt&quot;, expected: 12382)" storage="/users/jstnlef/projects/adventofcode2022/adventofcode2022.tests/bin/debug/net6.0/adventofcode2022.tests.dll" id="0665a876-1bf4-7865-83ff-de52f33976d1">
      <Execution id="cacc4fd1-a4eb-4ee6-9296-95a997fc7b09" />
      <TestMethod codeBase="/Users/jstnlef/Projects/adventOfCode2022/AdventOfCode2022.Tests/bin/Debug/net6.0/AdventOfCode2022.Tests.dll" adapterTypeName="executor://xunit/VsTestRunner2/netcoreapp" className="Tests.Day2" name="Total score for proper guide interpretation" />
    </UnitTest>
    <UnitTest name="Tests.Day2.Total score for mistaken guide interpretation(fileName: &quot;Day2/testInput.txt&quot;, expected: 15)" storage="/users/jstnlef/projects/adventofcode2022/adventofcode2022.tests/bin/debug/net6.0/adventofcode2022.tests.dll" id="b708b039-075c-2ee7-6741-8f2d923c5fbf">
      <Execution id="d919064f-0b58-4e48-8f74-682dd74d79c5" />
      <TestMethod codeBase="/Users/jstnlef/Projects/adventOfCode2022/AdventOfCode2022.Tests/bin/Debug/net6.0/AdventOfCode2022.Tests.dll" adapterTypeName="executor://xunit/VsTestRunner2/netcoreapp" className="Tests.Day2" name="Total score for mistaken guide interpretation" />
    </UnitTest>
    <UnitTest name="Tests.Day3.Sum of the shared rucksack priorities(fileName: &quot;Day3/testInput.txt&quot;, expected: 157)" storage="/users/jstnlef/projects/adventofcode2022/adventofcode2022.tests/bin/debug/net6.0/adventofcode2022.tests.dll" id="d9c84f9e-de9e-73a8-04e6-5ed0d546d973">
      <Execution id="89304cb9-0abf-414f-b4d9-d1647760c9b0" />
      <TestMethod codeBase="/Users/jstnlef/Projects/adventOfCode2022/AdventOfCode2022.Tests/bin/Debug/net6.0/AdventOfCode2022.Tests.dll" adapterTypeName="executor://xunit/VsTestRunner2/netcoreapp" className="Tests.Day3" name="Sum of the shared rucksack priorities" />
    </UnitTest>
    <UnitTest name="Tests.Day3.Sum of the shared rucksack priorities(fileName: &quot;Day3/input.txt&quot;, expected: 8018)" storage="/users/jstnlef/projects/adventofcode2022/adventofcode2022.tests/bin/debug/net6.0/adventofcode2022.tests.dll" id="10c805f5-090d-9df0-356a-8432e2674bff">
      <Execution id="0d1fbe30-3887-49e7-8443-87d8efa88cab" />
      <TestMethod codeBase="/Users/jstnlef/Projects/adventOfCode2022/AdventOfCode2022.Tests/bin/Debug/net6.0/AdventOfCode2022.Tests.dll" adapterTypeName="executor://xunit/VsTestRunner2/netcoreapp" className="Tests.Day3" name="Sum of the shared rucksack priorities" />
    </UnitTest>
    <UnitTest name="Tests.Day2.Total score for mistaken guide interpretation(fileName: &quot;Day2/input.txt&quot;, expected: 14264)" storage="/users/jstnlef/projects/adventofcode2022/adventofcode2022.tests/bin/debug/net6.0/adventofcode2022.tests.dll" id="6ecf8964-3721-892e-06a2-20c35053621f">
      <Execution id="27e65070-a3c2-4237-9fab-f63b31ace6e9" />
      <TestMethod codeBase="/Users/jstnlef/Projects/adventOfCode2022/AdventOfCode2022.Tests/bin/Debug/net6.0/AdventOfCode2022.Tests.dll" adapterTypeName="executor://xunit/VsTestRunner2/netcoreapp" className="Tests.Day2" name="Total score for mistaken guide interpretation" />
    </UnitTest>
  </TestDefinitions>
  <TestEntries>
    <TestEntry testId="cc7dee3a-5ec1-e81f-7f41-1a64db013e0b" executionId="4ad6ba25-b4a5-4f57-9fdd-d9c074a56368" testListId="8c84fa94-04c1-424b-9868-57a2d4851a1d" />
    <TestEntry testId="174aa48d-6051-1600-61bb-08fe9e190238" executionId="410bfb79-e036-444c-a8a6-6bdd252d9e3b" testListId="8c84fa94-04c1-424b-9868-57a2d4851a1d" />
    <TestEntry testId="c7129fce-3b51-272c-5b58-be26e6d8aae1" executionId="4107c88f-69a7-427b-b436-98cc2a8c29cd" testListId="8c84fa94-04c1-424b-9868-57a2d4851a1d" />
    <TestEntry testId="d9c84f9e-de9e-73a8-04e6-5ed0d546d973" executionId="89304cb9-0abf-414f-b4d9-d1647760c9b0" testListId="8c84fa94-04c1-424b-9868-57a2d4851a1d" />
    <TestEntry testId="10c805f5-090d-9df0-356a-8432e2674bff" executionId="0d1fbe30-3887-49e7-8443-87d8efa88cab" testListId="8c84fa94-04c1-424b-9868-57a2d4851a1d" />
    <TestEntry testId="0665a876-1bf4-7865-83ff-de52f33976d1" executionId="cacc4fd1-a4eb-4ee6-9296-95a997fc7b09" testListId="8c84fa94-04c1-424b-9868-57a2d4851a1d" />
    <TestEntry testId="b708b039-075c-2ee7-6741-8f2d923c5fbf" executionId="d919064f-0b58-4e48-8f74-682dd74d79c5" testListId="8c84fa94-04c1-424b-9868-57a2d4851a1d" />
    <TestEntry testId="6ecf8964-3721-892e-06a2-20c35053621f" executionId="27e65070-a3c2-4237-9fab-f63b31ace6e9" testListId="8c84fa94-04c1-424b-9868-57a2d4851a1d" />
  </TestEntries>
  <TestLists>
    <TestList name="Results Not in a List" id="8c84fa94-04c1-424b-9868-57a2d4851a1d" />
    <TestList name="All Loaded Results" id="19431567-8539-422a-85d7-44ee4e166bda" />
  </TestLists>
  <ResultSummary outcome="Completed">
    <Counters total="8" executed="8" passed="8" failed="0" error="0" timeout="0" aborted="0" inconclusive="0" passedButRunAborted="0" notRunnable="0" notExecuted="0" disconnected="0" warning="0" completed="0" inProgress="0" pending="0" />
    <Output>
      <StdOut>[xUnit.net 00:00:00.00] xUnit.net VSTest Adapter v2.4.3+1b45f5407b (64-bit .NET 6.0.11)
[xUnit.net 00:00:00.37]   Discovering: AdventOfCode2022.Tests
[xUnit.net 00:00:00.43]   Discovered:  AdventOfCode2022.Tests
[xUnit.net 00:00:00.43]   Starting:    AdventOfCode2022.Tests
[xUnit.net 00:00:00.51]   Finished:    AdventOfCode2022.Tests
</StdOut>
    </Output>
  </ResultSummary>
</TestRun>